?   	github.com/opd-ai/go-gamelaunch-www/cmd/dgconnect-www	[no test files]
ok  	github.com/opd-ai/go-gamelaunch-www/pkg/server	1.035s
ok  	github.com/opd-ai/go-gamelaunch-www/pkg/transport	1.016s
ok  	github.com/opd-ai/go-gamelaunch-www/pkg/wasm	1.021s
ok  	github.com/opd-ai/go-gamelaunch-www/pkg/webui	2.691s
